#! /c/Source/iverilog-install/bin/vvp
:ivl_version "12.0 (devel)" "(s20150603-1110-g18392a46)";
:ivl_delay_selection "TYPICAL";
:vpi_time_precision - 9;
:vpi_module "C:\caetools\iverilog\lib\ivl\system.vpi";
:vpi_module "C:\caetools\iverilog\lib\ivl\vhdl_sys.vpi";
:vpi_module "C:\caetools\iverilog\lib\ivl\vhdl_textio.vpi";
:vpi_module "C:\caetools\iverilog\lib\ivl\v2005_math.vpi";
:vpi_module "C:\caetools\iverilog\lib\ivl\va_math.vpi";
S_000001dc9bc545f0 .scope module, "addsub_tb" "addsub_tb" 2 5;
 .timescale -9 -9;
L_000001dc9bccd740 .functor BUFZ 4, v000001dc9bccab80_0, C4<0000>, C4<0000>, C4<0000>;
L_000001dc9bccdf90 .functor BUFZ 4, v000001dc9bcca9a0_0, C4<0000>, C4<0000>, C4<0000>;
L_000001dc9bccd4a0 .functor BUFZ 4, L_000001dc9bcce6b0, C4<0000>, C4<0000>, C4<0000>;
v000001dc9bccab80_0 .var "A", 3 0;
v000001dc9bccbee0_0 .var "Ai", 4 0;
v000001dc9bccbc60_0 .net/s "Asign", 3 0, L_000001dc9bccd740;  1 drivers
v000001dc9bcca9a0_0 .var "B", 3 0;
v000001dc9bccb080_0 .var "Bi", 4 0;
v000001dc9bccb120_0 .net/s "Bsign", 3 0, L_000001dc9bccdf90;  1 drivers
v000001dc9bccb9e0_0 .net "COUT", 0 0, L_000001dc9bccd2e0;  1 drivers
v000001dc9bccc020_0 .net "S", 3 0, L_000001dc9bcce6b0;  1 drivers
v000001dc9bccaa40_0 .net/s "Ssign", 3 0, L_000001dc9bccd4a0;  1 drivers
v000001dc9bccb940_0 .var "addsub", 0 0;
S_000001dc9bc58de0 .scope module, "DUV" "four_bit_adder_sub" 2 16, 3 8 0, S_000001dc9bc545f0;
 .timescale -9 -9;
    .port_info 0 /INPUT 1 "addb_sub";
    .port_info 1 /INPUT 4 "a";
    .port_info 2 /INPUT 4 "b";
    .port_info 3 /OUTPUT 4 "sumsub";
    .port_info 4 /OUTPUT 1 "cout";
L_000001dc9bc4e850 .functor XOR 1, L_000001dc9bccba80, v000001dc9bccb940_0, C4<0>, C4<0>;
L_000001dc9bc4eee0 .functor XOR 1, L_000001dc9bccb260, v000001dc9bccb940_0, C4<0>, C4<0>;
L_000001dc9bc4f340 .functor XOR 1, L_000001dc9bccbb20, v000001dc9bccb940_0, C4<0>, C4<0>;
L_000001dc9bc4f420 .functor XOR 1, L_000001dc9bcca400, v000001dc9bccb940_0, C4<0>, C4<0>;
v000001dc9bccaf40_0 .net *"_ivl_10", 0 0, L_000001dc9bc4eee0;  1 drivers
v000001dc9bccc160_0 .net *"_ivl_15", 0 0, L_000001dc9bccbb20;  1 drivers
v000001dc9bccb620_0 .net *"_ivl_16", 0 0, L_000001dc9bc4f340;  1 drivers
v000001dc9bcca900_0 .net *"_ivl_22", 0 0, L_000001dc9bcca400;  1 drivers
v000001dc9bcca360_0 .net *"_ivl_23", 0 0, L_000001dc9bc4f420;  1 drivers
v000001dc9bccb8a0_0 .net *"_ivl_3", 0 0, L_000001dc9bccba80;  1 drivers
v000001dc9bccaae0_0 .net *"_ivl_4", 0 0, L_000001dc9bc4e850;  1 drivers
v000001dc9bccbf80_0 .net *"_ivl_9", 0 0, L_000001dc9bccb260;  1 drivers
v000001dc9bccb6c0_0 .net "a", 3 0, v000001dc9bccab80_0;  1 drivers
v000001dc9bccb3a0_0 .net "addb_sub", 0 0, v000001dc9bccb940_0;  1 drivers
v000001dc9bcca860_0 .net "b", 3 0, v000001dc9bcca9a0_0;  1 drivers
v000001dc9bccafe0_0 .net "bneg", 3 0, L_000001dc9bccbbc0;  1 drivers
v000001dc9bccae00_0 .net "cout", 0 0, L_000001dc9bccd2e0;  alias, 1 drivers
v000001dc9bccaea0_0 .net "sumsub", 3 0, L_000001dc9bcce6b0;  alias, 1 drivers
L_000001dc9bccba80 .part v000001dc9bcca9a0_0, 0, 1;
L_000001dc9bccb260 .part v000001dc9bcca9a0_0, 1, 1;
L_000001dc9bccbb20 .part v000001dc9bcca9a0_0, 2, 1;
L_000001dc9bccbbc0 .concat8 [ 1 1 1 1], L_000001dc9bc4e850, L_000001dc9bc4eee0, L_000001dc9bc4f340, L_000001dc9bc4f420;
L_000001dc9bcca400 .part v000001dc9bcca9a0_0, 3, 1;
S_000001dc9bc58f70 .scope module, "my_4_bit_add" "four_bit_adder" 3 29, 4 7 0, S_000001dc9bc58de0;
 .timescale -9 -9;
    .port_info 0 /INPUT 1 "cin";
    .port_info 1 /INPUT 4 "a";
    .port_info 2 /INPUT 4 "b";
    .port_info 3 /OUTPUT 4 "sum";
    .port_info 4 /OUTPUT 1 "cout";
v000001dc9bcca7c0_0 .net "a", 3 0, v000001dc9bccab80_0;  alias, 1 drivers
v000001dc9bccbd00_0 .net "b", 3 0, L_000001dc9bccbbc0;  alias, 1 drivers
v000001dc9bcca4a0_0 .net "c12", 0 0, L_000001dc9bc4e620;  1 drivers
v000001dc9bcca2c0_0 .net "c23", 0 0, L_000001dc9bcce150;  1 drivers
v000001dc9bccb580_0 .net "c34", 0 0, L_000001dc9bccd890;  1 drivers
v000001dc9bccad60_0 .net "cin", 0 0, v000001dc9bccb940_0;  alias, 1 drivers
v000001dc9bccb1c0_0 .net "cout", 0 0, L_000001dc9bccd2e0;  alias, 1 drivers
v000001dc9bccb800_0 .net "sum", 3 0, L_000001dc9bcce6b0;  alias, 1 drivers
L_000001dc9bcca540 .part v000001dc9bccab80_0, 0, 1;
L_000001dc9bccc0c0 .part L_000001dc9bccbbc0, 0, 1;
L_000001dc9bccbda0 .part v000001dc9bccab80_0, 1, 1;
L_000001dc9bcca5e0 .part L_000001dc9bccbbc0, 1, 1;
L_000001dc9bcca680 .part v000001dc9bccab80_0, 2, 1;
L_000001dc9bccac20 .part L_000001dc9bccbbc0, 2, 1;
L_000001dc9bccacc0 .part v000001dc9bccab80_0, 3, 1;
L_000001dc9bccb300 .part L_000001dc9bccbbc0, 3, 1;
L_000001dc9bcce6b0 .concat8 [ 1 1 1 1], L_000001dc9bc4efc0, L_000001dc9bcce1c0, L_000001dc9bccdf20, L_000001dc9bccd660;
S_000001dc9bc59100 .scope module, "first_stage" "fadder" 4 18, 5 7 0, S_000001dc9bc58f70;
 .timescale -9 -9;
    .port_info 0 /INPUT 1 "a";
    .port_info 1 /INPUT 1 "b";
    .port_info 2 /INPUT 1 "cin";
    .port_info 3 /OUTPUT 1 "sum";
    .port_info 4 /OUTPUT 1 "cout";
L_000001dc9bc4ef50 .functor XOR 1, L_000001dc9bcca540, L_000001dc9bccc0c0, C4<0>, C4<0>;
L_000001dc9bc4efc0 .functor XOR 1, L_000001dc9bc4ef50, v000001dc9bccb940_0, C4<0>, C4<0>;
L_000001dc9bc4f180 .functor AND 1, L_000001dc9bcca540, L_000001dc9bccc0c0, C4<1>, C4<1>;
L_000001dc9bc4f110 .functor AND 1, L_000001dc9bcca540, v000001dc9bccb940_0, C4<1>, C4<1>;
L_000001dc9bc4f1f0 .functor OR 1, L_000001dc9bc4f180, L_000001dc9bc4f110, C4<0>, C4<0>;
L_000001dc9bc4e540 .functor AND 1, L_000001dc9bccc0c0, v000001dc9bccb940_0, C4<1>, C4<1>;
L_000001dc9bc4e620 .functor OR 1, L_000001dc9bc4f1f0, L_000001dc9bc4e540, C4<0>, C4<0>;
v000001dc9bc52090_0 .net *"_ivl_0", 0 0, L_000001dc9bc4ef50;  1 drivers
v000001dc9bc524f0_0 .net *"_ivl_10", 0 0, L_000001dc9bc4e540;  1 drivers
v000001dc9bc50c90_0 .net *"_ivl_4", 0 0, L_000001dc9bc4f180;  1 drivers
v000001dc9bc51050_0 .net *"_ivl_6", 0 0, L_000001dc9bc4f110;  1 drivers
v000001dc9bc51b90_0 .net *"_ivl_8", 0 0, L_000001dc9bc4f1f0;  1 drivers
v000001dc9bc52810_0 .net "a", 0 0, L_000001dc9bcca540;  1 drivers
v000001dc9bc50f10_0 .net "b", 0 0, L_000001dc9bccc0c0;  1 drivers
v000001dc9bc510f0_0 .net "cin", 0 0, v000001dc9bccb940_0;  alias, 1 drivers
v000001dc9bc519b0_0 .net "cout", 0 0, L_000001dc9bc4e620;  alias, 1 drivers
v000001dc9bc51690_0 .net "sum", 0 0, L_000001dc9bc4efc0;  1 drivers
S_000001dc9bc6e7e0 .scope module, "fourth_stage" "fadder" 4 39, 5 7 0, S_000001dc9bc58f70;
 .timescale -9 -9;
    .port_info 0 /INPUT 1 "a";
    .port_info 1 /INPUT 1 "b";
    .port_info 2 /INPUT 1 "cin";
    .port_info 3 /OUTPUT 1 "sum";
    .port_info 4 /OUTPUT 1 "cout";
L_000001dc9bccda50 .functor XOR 1, L_000001dc9bccacc0, L_000001dc9bccb300, C4<0>, C4<0>;
L_000001dc9bccd660 .functor XOR 1, L_000001dc9bccda50, L_000001dc9bccd890, C4<0>, C4<0>;
L_000001dc9bccdba0 .functor AND 1, L_000001dc9bccacc0, L_000001dc9bccb300, C4<1>, C4<1>;
L_000001dc9bccdcf0 .functor AND 1, L_000001dc9bccacc0, L_000001dc9bccd890, C4<1>, C4<1>;
L_000001dc9bccd510 .functor OR 1, L_000001dc9bccdba0, L_000001dc9bccdcf0, C4<0>, C4<0>;
L_000001dc9bccd900 .functor AND 1, L_000001dc9bccb300, L_000001dc9bccd890, C4<1>, C4<1>;
L_000001dc9bccd2e0 .functor OR 1, L_000001dc9bccd510, L_000001dc9bccd900, C4<0>, C4<0>;
v000001dc9bc51730_0 .net *"_ivl_0", 0 0, L_000001dc9bccda50;  1 drivers
v000001dc9bc51eb0_0 .net *"_ivl_10", 0 0, L_000001dc9bccd900;  1 drivers
v000001dc9bc52270_0 .net *"_ivl_4", 0 0, L_000001dc9bccdba0;  1 drivers
v000001dc9bc50fb0_0 .net *"_ivl_6", 0 0, L_000001dc9bccdcf0;  1 drivers
v000001dc9bc51230_0 .net *"_ivl_8", 0 0, L_000001dc9bccd510;  1 drivers
v000001dc9bc51190_0 .net "a", 0 0, L_000001dc9bccacc0;  1 drivers
v000001dc9bc512d0_0 .net "b", 0 0, L_000001dc9bccb300;  1 drivers
v000001dc9bc52130_0 .net "cin", 0 0, L_000001dc9bccd890;  alias, 1 drivers
v000001dc9bc52450_0 .net "cout", 0 0, L_000001dc9bccd2e0;  alias, 1 drivers
v000001dc9bc521d0_0 .net "sum", 0 0, L_000001dc9bccd660;  1 drivers
S_000001dc9bc5c610 .scope module, "secnd_stage" "fadder" 4 25, 5 7 0, S_000001dc9bc58f70;
 .timescale -9 -9;
    .port_info 0 /INPUT 1 "a";
    .port_info 1 /INPUT 1 "b";
    .port_info 2 /INPUT 1 "cin";
    .port_info 3 /OUTPUT 1 "sum";
    .port_info 4 /OUTPUT 1 "cout";
L_000001dc9bc4e5b0 .functor XOR 1, L_000001dc9bccbda0, L_000001dc9bcca5e0, C4<0>, C4<0>;
L_000001dc9bcce1c0 .functor XOR 1, L_000001dc9bc4e5b0, L_000001dc9bc4e620, C4<0>, C4<0>;
L_000001dc9bccd430 .functor AND 1, L_000001dc9bccbda0, L_000001dc9bcca5e0, C4<1>, C4<1>;
L_000001dc9bccdb30 .functor AND 1, L_000001dc9bccbda0, L_000001dc9bc4e620, C4<1>, C4<1>;
L_000001dc9bccd5f0 .functor OR 1, L_000001dc9bccd430, L_000001dc9bccdb30, C4<0>, C4<0>;
L_000001dc9bccd970 .functor AND 1, L_000001dc9bcca5e0, L_000001dc9bc4e620, C4<1>, C4<1>;
L_000001dc9bcce150 .functor OR 1, L_000001dc9bccd5f0, L_000001dc9bccd970, C4<0>, C4<0>;
v000001dc9bc51410_0 .net *"_ivl_0", 0 0, L_000001dc9bc4e5b0;  1 drivers
v000001dc9bc517d0_0 .net *"_ivl_10", 0 0, L_000001dc9bccd970;  1 drivers
v000001dc9bc51550_0 .net *"_ivl_4", 0 0, L_000001dc9bccd430;  1 drivers
v000001dc9bc515f0_0 .net *"_ivl_6", 0 0, L_000001dc9bccdb30;  1 drivers
v000001dc9bc50d30_0 .net *"_ivl_8", 0 0, L_000001dc9bccd5f0;  1 drivers
v000001dc9bc52310_0 .net "a", 0 0, L_000001dc9bccbda0;  1 drivers
v000001dc9bc50970_0 .net "b", 0 0, L_000001dc9bcca5e0;  1 drivers
v000001dc9bc51870_0 .net "cin", 0 0, L_000001dc9bc4e620;  alias, 1 drivers
v000001dc9bc523b0_0 .net "cout", 0 0, L_000001dc9bcce150;  alias, 1 drivers
v000001dc9bc51910_0 .net "sum", 0 0, L_000001dc9bcce1c0;  1 drivers
S_000001dc9bc5c7a0 .scope module, "third_stage" "fadder" 4 32, 5 7 0, S_000001dc9bc58f70;
 .timescale -9 -9;
    .port_info 0 /INPUT 1 "a";
    .port_info 1 /INPUT 1 "b";
    .port_info 2 /INPUT 1 "cin";
    .port_info 3 /OUTPUT 1 "sum";
    .port_info 4 /OUTPUT 1 "cout";
L_000001dc9bccd9e0 .functor XOR 1, L_000001dc9bcca680, L_000001dc9bccac20, C4<0>, C4<0>;
L_000001dc9bccdf20 .functor XOR 1, L_000001dc9bccd9e0, L_000001dc9bcce150, C4<0>, C4<0>;
L_000001dc9bccd820 .functor AND 1, L_000001dc9bcca680, L_000001dc9bccac20, C4<1>, C4<1>;
L_000001dc9bccd580 .functor AND 1, L_000001dc9bcca680, L_000001dc9bcce150, C4<1>, C4<1>;
L_000001dc9bccd6d0 .functor OR 1, L_000001dc9bccd820, L_000001dc9bccd580, C4<0>, C4<0>;
L_000001dc9bccd350 .functor AND 1, L_000001dc9bccac20, L_000001dc9bcce150, C4<1>, C4<1>;
L_000001dc9bccd890 .functor OR 1, L_000001dc9bccd6d0, L_000001dc9bccd350, C4<0>, C4<0>;
v000001dc9bc51c30_0 .net *"_ivl_0", 0 0, L_000001dc9bccd9e0;  1 drivers
v000001dc9bc51cd0_0 .net *"_ivl_10", 0 0, L_000001dc9bccd350;  1 drivers
v000001dc9bc50dd0_0 .net *"_ivl_4", 0 0, L_000001dc9bccd820;  1 drivers
v000001dc9bc49820_0 .net *"_ivl_6", 0 0, L_000001dc9bccd580;  1 drivers
v000001dc9bc49a00_0 .net *"_ivl_8", 0 0, L_000001dc9bccd6d0;  1 drivers
v000001dc9bcca720_0 .net "a", 0 0, L_000001dc9bcca680;  1 drivers
v000001dc9bccb440_0 .net "b", 0 0, L_000001dc9bccac20;  1 drivers
v000001dc9bccbe40_0 .net "cin", 0 0, L_000001dc9bcce150;  alias, 1 drivers
v000001dc9bccb760_0 .net "cout", 0 0, L_000001dc9bccd890;  alias, 1 drivers
v000001dc9bccb4e0_0 .net "sum", 0 0, L_000001dc9bccdf20;  1 drivers
    .scope S_000001dc9bc545f0;
T_0 ;
    %vpi_call 2 28 "$dumpfile", "addsub_simdata.vcd" {0 0 0};
    %vpi_call 2 29 "$dumpvars", 32'sb00000000000000000000000000000000, S_000001dc9bc545f0 {0 0 0};
    %end;
    .thread T_0;
    .scope S_000001dc9bc545f0;
T_1 ;
    %vpi_call 2 46 "$monitor", $time, "  add/sub=%1d: A=%2d, B=%2d, SUM=%2d, Cout=%1d  (signed: A=%2d, B=%2d, SUM=%2d )", v000001dc9bccb940_0, v000001dc9bccab80_0, v000001dc9bcca9a0_0, v000001dc9bccc020_0, v000001dc9bccb9e0_0, v000001dc9bccbc60_0, v000001dc9bccb120_0, v000001dc9bccaa40_0 {0 0 0};
    %pushi/vec4 0, 0, 4;
    %store/vec4 v000001dc9bccab80_0, 0, 4;
    %pushi/vec4 0, 0, 4;
    %store/vec4 v000001dc9bcca9a0_0, 0, 4;
    %pushi/vec4 0, 0, 1;
    %store/vec4 v000001dc9bccb940_0, 0, 1;
    %delay 10, 0;
    %pushi/vec4 4, 0, 4;
    %store/vec4 v000001dc9bccab80_0, 0, 4;
    %pushi/vec4 3, 0, 4;
    %store/vec4 v000001dc9bcca9a0_0, 0, 4;
    %pushi/vec4 0, 0, 1;
    %store/vec4 v000001dc9bccb940_0, 0, 1;
    %delay 10, 0;
    %pushi/vec4 4, 0, 4;
    %store/vec4 v000001dc9bccab80_0, 0, 4;
    %pushi/vec4 3, 0, 4;
    %store/vec4 v000001dc9bcca9a0_0, 0, 4;
    %pushi/vec4 1, 0, 1;
    %store/vec4 v000001dc9bccb940_0, 0, 1;
    %delay 10, 0;
    %pushi/vec4 1, 0, 4;
    %store/vec4 v000001dc9bccab80_0, 0, 4;
    %pushi/vec4 5, 0, 4;
    %store/vec4 v000001dc9bcca9a0_0, 0, 4;
    %pushi/vec4 1, 0, 1;
    %store/vec4 v000001dc9bccb940_0, 0, 1;
    %delay 100, 0;
    %pushi/vec4 0, 0, 1;
    %store/vec4 v000001dc9bccb940_0, 0, 1;
    %pushi/vec4 0, 0, 5;
    %store/vec4 v000001dc9bccbee0_0, 0, 5;
T_1.0 ;
    %load/vec4 v000001dc9bccbee0_0;
    %pad/u 32;
    %cmpi/u 16, 0, 32;
    %jmp/0xz T_1.1, 5;
    %pushi/vec4 0, 0, 5;
    %store/vec4 v000001dc9bccb080_0, 0, 5;
T_1.2 ;
    %load/vec4 v000001dc9bccb080_0;
    %pad/u 32;
    %cmpi/u 16, 0, 32;
    %jmp/0xz T_1.3, 5;
    %load/vec4 v000001dc9bccbee0_0;
    %parti/s 4, 0, 2;
    %store/vec4 v000001dc9bccab80_0, 0, 4;
    %load/vec4 v000001dc9bccb080_0;
    %parti/s 4, 0, 2;
    %store/vec4 v000001dc9bcca9a0_0, 0, 4;
    %delay 10, 0;
    %load/vec4 v000001dc9bccc020_0;
    %load/vec4 v000001dc9bccb940_0;
    %flag_set/vec4 8;
    %jmp/0 T_1.6, 8;
    %load/vec4 v000001dc9bccab80_0;
    %load/vec4 v000001dc9bcca9a0_0;
    %sub;
    %jmp/1 T_1.7, 8;
T_1.6 ; End of true expr.
    %load/vec4 v000001dc9bccab80_0;
    %load/vec4 v000001dc9bcca9a0_0;
    %add;
    %jmp/0 T_1.7, 8;
 ; End of false expr.
    %blend;
T_1.7;
    %cmp/ne;
    %jmp/0xz  T_1.4, 4;
    %vpi_call 2 76 "$display", "ERROR ! add/sub=%1d: A=%2d, B=%2d, SUM=%2d, Cout=%1d\012", v000001dc9bccb940_0, v000001dc9bccab80_0, v000001dc9bcca9a0_0, v000001dc9bccc020_0, v000001dc9bccb9e0_0 {0 0 0};
T_1.4 ;
    %load/vec4 v000001dc9bccb080_0;
    %addi 1, 0, 5;
    %store/vec4 v000001dc9bccb080_0, 0, 5;
    %jmp T_1.2;
T_1.3 ;
    %load/vec4 v000001dc9bccbee0_0;
    %addi 1, 0, 5;
    %store/vec4 v000001dc9bccbee0_0, 0, 5;
    %jmp T_1.0;
T_1.1 ;
    %pushi/vec4 1, 0, 1;
    %store/vec4 v000001dc9bccb940_0, 0, 1;
    %pushi/vec4 0, 0, 5;
    %store/vec4 v000001dc9bccbee0_0, 0, 5;
T_1.8 ;
    %load/vec4 v000001dc9bccbee0_0;
    %pad/u 32;
    %cmpi/u 16, 0, 32;
    %jmp/0xz T_1.9, 5;
    %pushi/vec4 0, 0, 5;
    %store/vec4 v000001dc9bccb080_0, 0, 5;
T_1.10 ;
    %load/vec4 v000001dc9bccb080_0;
    %pad/u 32;
    %cmpi/u 16, 0, 32;
    %jmp/0xz T_1.11, 5;
    %load/vec4 v000001dc9bccbee0_0;
    %parti/s 4, 0, 2;
    %store/vec4 v000001dc9bccab80_0, 0, 4;
    %load/vec4 v000001dc9bccb080_0;
    %parti/s 4, 0, 2;
    %store/vec4 v000001dc9bcca9a0_0, 0, 4;
    %delay 10, 0;
    %load/vec4 v000001dc9bccc020_0;
    %load/vec4 v000001dc9bccb940_0;
    %flag_set/vec4 8;
    %jmp/0 T_1.14, 8;
    %load/vec4 v000001dc9bccab80_0;
    %load/vec4 v000001dc9bcca9a0_0;
    %sub;
    %jmp/1 T_1.15, 8;
T_1.14 ; End of true expr.
    %load/vec4 v000001dc9bccab80_0;
    %load/vec4 v000001dc9bcca9a0_0;
    %add;
    %jmp/0 T_1.15, 8;
 ; End of false expr.
    %blend;
T_1.15;
    %cmp/ne;
    %jmp/0xz  T_1.12, 4;
    %vpi_call 2 90 "$display", "ERROR ! add/sub=%1d: A=%2d, B=%2d, SUM=%2d, Cout=%1d\012", v000001dc9bccb940_0, v000001dc9bccab80_0, v000001dc9bcca9a0_0, v000001dc9bccc020_0, v000001dc9bccb9e0_0 {0 0 0};
T_1.12 ;
    %load/vec4 v000001dc9bccb080_0;
    %addi 1, 0, 5;
    %store/vec4 v000001dc9bccb080_0, 0, 5;
    %jmp T_1.10;
T_1.11 ;
    %load/vec4 v000001dc9bccbee0_0;
    %addi 1, 0, 5;
    %store/vec4 v000001dc9bccbee0_0, 0, 5;
    %jmp T_1.8;
T_1.9 ;
    %delay 100, 0;
    %vpi_call 2 96 "$finish" {0 0 0};
    %end;
    .thread T_1;
# The file index is used to find the file name in the following table.
:file_names 6;
    "N/A";
    "<interactive>";
    "../src/verilog/four_bit_adder_sub_tb.v";
    "../src/verilog/four_bit_adder_sub.v";
    "../src/verilog/four_bit_adder.v";
    "../src/verilog/fadder.v";
